// Jest Snapshot v1, https://goo.gl/fbAQLP

exports[`SignUpForm should match snapshot 1`] = `undefined`;
